database-gateway listening on http://127.0.0.1:18090
{"level":"info","event":"request","requestId":"846593e3-e4a2-4531-b0e5-a2f4ed563fbb","method":"POST","path":"/writes/record-semantic-reference-material","status":200,"elapsedMs":687}
{"level":"info","event":"request","requestId":"755c0d23-be92-4b91-b877-5918777de2c0","method":"POST","path":"/writes/record-semantic-reference-material","status":200,"elapsedMs":423}
{"level":"info","event":"request","requestId":"a07404a2-edf4-4598-8de8-ee343a12fbe1","method":"POST","path":"/writes/record-semantic-reference-material","status":200,"elapsedMs":421}
{"level":"info","event":"request","requestId":"780072d3-85e8-4019-81a2-c25704490cab","method":"POST","path":"/writes/record-semantic-reference-material","status":200,"elapsedMs":462}
{"level":"info","event":"request","requestId":"b752b1ba-fcfc-47a8-bee2-e25c0caf0d59","method":"POST","path":"/writes/record-semantic-reference-material","status":200,"elapsedMs":434}
{"level":"info","event":"request","requestId":"8dc41a97-3cef-4c6f-bc5f-7614504e4d1d","method":"POST","path":"/writes/record-semantic-reference-material","status":200,"elapsedMs":428}
{"level":"info","event":"request","requestId":"77081dc1-4e66-408c-a17b-ef6ac594c65d","method":"POST","path":"/writes/record-semantic-reference-material","status":200,"elapsedMs":432}
{"level":"info","event":"request","requestId":"2e5217da-5274-499f-8d02-45da265c19d3","method":"POST","path":"/writes/record-semantic-reference-material","status":200,"elapsedMs":429}
{"level":"info","event":"request","requestId":"4e4175bb-7def-4eb8-ae4e-691a15bdb6f4","method":"POST","path":"/writes/record-semantic-reference-material","status":200,"elapsedMs":428}
{"level":"info","event":"request","requestId":"de0df566-70d5-4499-809d-6eb14544b578","method":"POST","path":"/writes/record-semantic-reference-material","status":200,"elapsedMs":452}
{"level":"info","event":"request","requestId":"9fc2dae1-64ba-4201-8ae8-449b9bc25c3a","method":"POST","path":"/writes/record-semantic-reference-material","status":200,"elapsedMs":424}
{"level":"info","event":"request","requestId":"c33d85e0-49cf-4d1d-83f2-081593a08502","method":"POST","path":"/writes/record-semantic-reference-material","status":200,"elapsedMs":417}
{"level":"info","event":"request","requestId":"b3c9d72b-cc57-44f7-9cf4-23adca208b8e","method":"POST","path":"/writes/record-semantic-reference-material","status":200,"elapsedMs":419}
{"level":"info","event":"request","requestId":"ff0c5291-7758-4985-9106-a69b6cde7238","method":"POST","path":"/writes/record-semantic-reference-material","status":200,"elapsedMs":423}
{"level":"info","event":"request","requestId":"42842f92-ee2b-4c74-9d2b-0997ea5dcf41","method":"POST","path":"/writes/record-semantic-reference-material","status":200,"elapsedMs":419}
{"level":"info","event":"request","requestId":"b7a82063-4a00-4f7a-8766-401835efb8f3","method":"POST","path":"/writes/record-semantic-reference-material","status":200,"elapsedMs":457}
{"level":"info","event":"request","requestId":"91eb2726-9df5-4b49-84e3-e650bd572137","method":"POST","path":"/writes/record-semantic-reference-material","status":200,"elapsedMs":476}
{"level":"info","event":"request","requestId":"4f490ff6-77f9-4b46-8757-b8d5a41286a7","method":"POST","path":"/writes/record-semantic-reference-material","status":200,"elapsedMs":425}
{"level":"info","event":"request","requestId":"8f7d2509-c654-4f3a-a145-d425b4f4be90","method":"POST","path":"/writes/record-semantic-reference-material","status":200,"elapsedMs":416}
{"level":"info","event":"request","requestId":"0dbfd9d4-bbfd-4b04-9100-2ccefc26129d","method":"POST","path":"/writes/record-semantic-reference-material","status":200,"elapsedMs":447}
{"level":"info","event":"request","requestId":"75acfc89-d4ad-48a6-9288-3fb3fcdfc262","method":"POST","path":"/writes/record-semantic-reference-material","status":200,"elapsedMs":442}
{"level":"info","event":"request","requestId":"8f9172ed-2b88-423c-aa63-f7805a4a031f","method":"POST","path":"/writes/record-semantic-reference-material","status":200,"elapsedMs":423}
{"level":"info","event":"request","requestId":"5339646a-8bf8-42ce-bda5-71e89ff39ef3","method":"POST","path":"/writes/record-semantic-reference-material","status":200,"elapsedMs":416}
{"level":"info","event":"request","requestId":"ffedc257-fd03-49bc-bb4d-6f5b39361d00","method":"POST","path":"/writes/record-semantic-reference-material","status":200,"elapsedMs":415}
{"level":"info","event":"request","requestId":"063f72eb-4dd9-4cd4-a66d-1b1f7a6e81dc","method":"POST","path":"/writes/record-semantic-reference-material","status":200,"elapsedMs":417}
{"level":"info","event":"request","requestId":"75726baa-04c6-4c7a-8cf3-29df92d17bfd","method":"POST","path":"/writes/record-semantic-reference-material","status":200,"elapsedMs":421}
{"level":"info","event":"request","requestId":"7058b1c5-5a2e-4f9e-94e7-c93aa121beef","method":"GET","path":"/health/dependencies","status":200,"elapsedMs":126}
{"level":"info","event":"request","requestId":"2dd3bc58-59ab-4b26-93e2-55eeab4214f7","method":"GET","path":"/health","status":200,"elapsedMs":29}
{"level":"info","event":"request","requestId":"979ba805-f378-4a45-a652-567eae25932a","method":"GET","path":"/status","status":200,"elapsedMs":0}
{"level":"info","event":"request","requestId":"25801ae4-21d4-4505-8b7d-26eb216d0e14","method":"GET","path":"/inventory/tables","status":200,"elapsedMs":30}
{"level":"info","event":"request","requestId":"918d4b51-c52f-41aa-b5bb-2739db87d632","method":"POST","path":"/writes/create-work","status":400,"elapsedMs":0}
{"level":"info","event":"request","requestId":"6418e70e-9e34-4cce-a956-e1b47ac2f6f2","method":"GET","path":"/inventory/tables","status":200,"elapsedMs":28}
{"level":"info","event":"request","requestId":"c5d2fbb0-8398-4282-b280-2237961d3fa1","method":"GET","path":"/search","status":200,"elapsedMs":28}
{"level":"info","event":"request","requestId":"64c76607-394f-4621-8f26-8bcf6f2fc113","method":"POST","path":"/writes/create-work","status":400,"elapsedMs":108}
{"level":"info","event":"request","requestId":"d98d8684-75b4-4c16-a57e-f63dddeb05f7","method":"POST","path":"/writes/record-generation-output","status":400,"elapsedMs":83}
{"level":"info","event":"request","requestId":"d575f06e-24e0-4dcf-9a18-060ffdc40d7a","method":"POST","path":"/writes/upsert-vocabulary-item","status":200,"elapsedMs":164}
{"level":"info","event":"request","requestId":"e643864c-8d38-4090-9f15-d2579ba2c7b4","method":"POST","path":"/writes/upsert-vocabulary-item","status":200,"elapsedMs":27}
{"level":"info","event":"request","requestId":"cd6d871b-b392-47f3-b292-c121dfa93cb4","method":"POST","path":"/writes/upsert-vocabulary-item","status":409,"elapsedMs":26}
{"level":"info","event":"request","requestId":"9f2f6ccc-1cd1-432b-aa13-e0caa52d8d59","method":"GET","path":"/vocabulary/search","status":200,"elapsedMs":27}
{"level":"info","event":"request","requestId":"3def6195-8340-44da-a11c-aeaba82bff10","method":"POST","path":"/writes/create-work","status":200,"elapsedMs":163}
{"level":"info","event":"request","requestId":"c0847c9d-bcf9-4adf-a95f-6de0b97d5153","method":"POST","path":"/writes/append-chapter","status":200,"elapsedMs":217}
{"level":"info","event":"request","requestId":"7c86efc3-2e67-405f-acec-bf60ed84fbae","method":"POST","path":"/writes/record-generation-output","status":200,"elapsedMs":458}
{"level":"info","event":"request","requestId":"45325623-1ae2-4c57-b22c-acfc6c0fca80","method":"POST","path":"/writes/record-article-acceptance-report","status":200,"elapsedMs":241}
{"level":"info","event":"request","requestId":"b80157b2-0a84-44bd-a2e2-a51f8d306d9c","method":"GET","path":"/content/canonical/parts/legacy_chapter_2061/blocks","status":200,"elapsedMs":29}
{"level":"info","event":"request","requestId":"0874d339-714d-45d0-847a-16bd29bbaa84","method":"POST","path":"/writes/record-article-reference-usage-report","status":200,"elapsedMs":237}
{"level":"info","event":"request","requestId":"efbee16d-6450-4075-ace5-6e7c898111ea","method":"GET","path":"/content/canonical/parts/legacy_chapter_2061/blocks","status":200,"elapsedMs":29}
{"level":"info","event":"request","requestId":"265e1903-1e2f-49c0-bb74-1dbb1199e120","method":"POST","path":"/writes/record-semantic-reference-material","status":200,"elapsedMs":263}
{"level":"info","event":"request","requestId":"d525a937-5141-439a-b550-d1e582ae747d","method":"GET","path":"/semantic/units","status":200,"elapsedMs":32}
